// Jest Snapshot v1, https://goo.gl/fbAQLP

exports[`Cart Page Tests renders the ui as expected 1`] = `
<BrowserRouter>
  <Router
    history={
      Object {
        "action": "POP",
        "block": [Function],
        "createHref": [Function],
        "go": [Function],
        "goBack": [Function],
        "goForward": [Function],
        "length": 1,
        "listen": [Function],
        "location": Object {
          "hash": "",
          "pathname": "/",
          "search": "",
          "state": undefined,
        },
        "push": [Function],
        "replace": [Function],
      }
    }
  >
    <Cart>
      <WithStyles(ForwardRef(Container))
        maxWidth="md"
        style={
          Object {
            "padding": 0,
          }
        }
      >
        <ForwardRef(Container)
          classes={
            Object {
              "disableGutters": "MuiContainer-disableGutters",
              "fixed": "MuiContainer-fixed",
              "maxWidthLg": "MuiContainer-maxWidthLg",
              "maxWidthMd": "MuiContainer-maxWidthMd",
              "maxWidthSm": "MuiContainer-maxWidthSm",
              "maxWidthXl": "MuiContainer-maxWidthXl",
              "maxWidthXs": "MuiContainer-maxWidthXs",
              "root": "MuiContainer-root",
            }
          }
          maxWidth="md"
          style={
            Object {
              "padding": 0,
            }
          }
        >
          <div
            className="MuiContainer-root MuiContainer-maxWidthMd"
            style={
              Object {
                "padding": 0,
              }
            }
          >
            <WithStyles(ForwardRef(Grid))
              className="makeStyles-page-7"
              container={true}
              justify="center"
            >
              <ForwardRef(Grid)
                className="makeStyles-page-7"
                classes={
                  Object {
                    "align-content-xs-center": "MuiGrid-align-content-xs-center",
                    "align-content-xs-flex-end": "MuiGrid-align-content-xs-flex-end",
                    "align-content-xs-flex-start": "MuiGrid-align-content-xs-flex-start",
                    "align-content-xs-space-around": "MuiGrid-align-content-xs-space-around",
                    "align-content-xs-space-between": "MuiGrid-align-content-xs-space-between",
                    "align-items-xs-baseline": "MuiGrid-align-items-xs-baseline",
                    "align-items-xs-center": "MuiGrid-align-items-xs-center",
                    "align-items-xs-flex-end": "MuiGrid-align-items-xs-flex-end",
                    "align-items-xs-flex-start": "MuiGrid-align-items-xs-flex-start",
                    "container": "MuiGrid-container",
                    "direction-xs-column": "MuiGrid-direction-xs-column",
                    "direction-xs-column-reverse": "MuiGrid-direction-xs-column-reverse",
                    "direction-xs-row-reverse": "MuiGrid-direction-xs-row-reverse",
                    "grid-lg-1": "MuiGrid-grid-lg-1",
                    "grid-lg-10": "MuiGrid-grid-lg-10",
                    "grid-lg-11": "MuiGrid-grid-lg-11",
                    "grid-lg-12": "MuiGrid-grid-lg-12",
                    "grid-lg-2": "MuiGrid-grid-lg-2",
                    "grid-lg-3": "MuiGrid-grid-lg-3",
                    "grid-lg-4": "MuiGrid-grid-lg-4",
                    "grid-lg-5": "MuiGrid-grid-lg-5",
                    "grid-lg-6": "MuiGrid-grid-lg-6",
                    "grid-lg-7": "MuiGrid-grid-lg-7",
                    "grid-lg-8": "MuiGrid-grid-lg-8",
                    "grid-lg-9": "MuiGrid-grid-lg-9",
                    "grid-lg-auto": "MuiGrid-grid-lg-auto",
                    "grid-lg-true": "MuiGrid-grid-lg-true",
                    "grid-md-1": "MuiGrid-grid-md-1",
                    "grid-md-10": "MuiGrid-grid-md-10",
                    "grid-md-11": "MuiGrid-grid-md-11",
                    "grid-md-12": "MuiGrid-grid-md-12",
                    "grid-md-2": "MuiGrid-grid-md-2",
                    "grid-md-3": "MuiGrid-grid-md-3",
                    "grid-md-4": "MuiGrid-grid-md-4",
                    "grid-md-5": "MuiGrid-grid-md-5",
                    "grid-md-6": "MuiGrid-grid-md-6",
                    "grid-md-7": "MuiGrid-grid-md-7",
                    "grid-md-8": "MuiGrid-grid-md-8",
                    "grid-md-9": "MuiGrid-grid-md-9",
                    "grid-md-auto": "MuiGrid-grid-md-auto",
                    "grid-md-true": "MuiGrid-grid-md-true",
                    "grid-sm-1": "MuiGrid-grid-sm-1",
                    "grid-sm-10": "MuiGrid-grid-sm-10",
                    "grid-sm-11": "MuiGrid-grid-sm-11",
                    "grid-sm-12": "MuiGrid-grid-sm-12",
                    "grid-sm-2": "MuiGrid-grid-sm-2",
                    "grid-sm-3": "MuiGrid-grid-sm-3",
                    "grid-sm-4": "MuiGrid-grid-sm-4",
                    "grid-sm-5": "MuiGrid-grid-sm-5",
                    "grid-sm-6": "MuiGrid-grid-sm-6",
                    "grid-sm-7": "MuiGrid-grid-sm-7",
                    "grid-sm-8": "MuiGrid-grid-sm-8",
                    "grid-sm-9": "MuiGrid-grid-sm-9",
                    "grid-sm-auto": "MuiGrid-grid-sm-auto",
                    "grid-sm-true": "MuiGrid-grid-sm-true",
                    "grid-xl-1": "MuiGrid-grid-xl-1",
                    "grid-xl-10": "MuiGrid-grid-xl-10",
                    "grid-xl-11": "MuiGrid-grid-xl-11",
                    "grid-xl-12": "MuiGrid-grid-xl-12",
                    "grid-xl-2": "MuiGrid-grid-xl-2",
                    "grid-xl-3": "MuiGrid-grid-xl-3",
                    "grid-xl-4": "MuiGrid-grid-xl-4",
                    "grid-xl-5": "MuiGrid-grid-xl-5",
                    "grid-xl-6": "MuiGrid-grid-xl-6",
                    "grid-xl-7": "MuiGrid-grid-xl-7",
                    "grid-xl-8": "MuiGrid-grid-xl-8",
                    "grid-xl-9": "MuiGrid-grid-xl-9",
                    "grid-xl-auto": "MuiGrid-grid-xl-auto",
                    "grid-xl-true": "MuiGrid-grid-xl-true",
                    "grid-xs-1": "MuiGrid-grid-xs-1",
                    "grid-xs-10": "MuiGrid-grid-xs-10",
                    "grid-xs-11": "MuiGrid-grid-xs-11",
                    "grid-xs-12": "MuiGrid-grid-xs-12",
                    "grid-xs-2": "MuiGrid-grid-xs-2",
                    "grid-xs-3": "MuiGrid-grid-xs-3",
                    "grid-xs-4": "MuiGrid-grid-xs-4",
                    "grid-xs-5": "MuiGrid-grid-xs-5",
                    "grid-xs-6": "MuiGrid-grid-xs-6",
                    "grid-xs-7": "MuiGrid-grid-xs-7",
                    "grid-xs-8": "MuiGrid-grid-xs-8",
                    "grid-xs-9": "MuiGrid-grid-xs-9",
                    "grid-xs-auto": "MuiGrid-grid-xs-auto",
                    "grid-xs-true": "MuiGrid-grid-xs-true",
                    "item": "MuiGrid-item",
                    "justify-xs-center": "MuiGrid-justify-xs-center",
                    "justify-xs-flex-end": "MuiGrid-justify-xs-flex-end",
                    "justify-xs-space-around": "MuiGrid-justify-xs-space-around",
                    "justify-xs-space-between": "MuiGrid-justify-xs-space-between",
                    "justify-xs-space-evenly": "MuiGrid-justify-xs-space-evenly",
                    "root": "MuiGrid-root",
                    "spacing-xs-1": "MuiGrid-spacing-xs-1",
                    "spacing-xs-10": "MuiGrid-spacing-xs-10",
                    "spacing-xs-2": "MuiGrid-spacing-xs-2",
                    "spacing-xs-3": "MuiGrid-spacing-xs-3",
                    "spacing-xs-4": "MuiGrid-spacing-xs-4",
                    "spacing-xs-5": "MuiGrid-spacing-xs-5",
                    "spacing-xs-6": "MuiGrid-spacing-xs-6",
                    "spacing-xs-7": "MuiGrid-spacing-xs-7",
                    "spacing-xs-8": "MuiGrid-spacing-xs-8",
                    "spacing-xs-9": "MuiGrid-spacing-xs-9",
                    "wrap-xs-nowrap": "MuiGrid-wrap-xs-nowrap",
                    "wrap-xs-wrap-reverse": "MuiGrid-wrap-xs-wrap-reverse",
                    "zeroMinWidth": "MuiGrid-zeroMinWidth",
                  }
                }
                container={true}
                justify="center"
              >
                <div
                  className="MuiGrid-root makeStyles-page-7 MuiGrid-container MuiGrid-justify-xs-center"
                >
                  <h1
                    style={
                      Object {
                        "color": "rgb(26, 166, 119)",
                        "margin": "3rem 0 2rem 0",
                      }
                    }
                  >
                    Cart
                  </h1>
                  <form
                    onSubmit={[Function]}
                  >
                    <table
                      className="makeStyles-cartTable-8"
                    >
                      <thead>
                        <tr>
                          <th
                            style={
                              Object {
                                "width": "25%",
                              }
                            }
                          >
                            Item Name
                          </th>
                          <th
                            style={
                              Object {
                                "width": "25%",
                              }
                            }
                          >
                            Quantity
                          </th>
                          <th
                            style={
                              Object {
                                "width": "25%",
                              }
                            }
                          >
                            Price
                          </th>
                          <th
                            style={
                              Object {
                                "width": "25%",
                              }
                            }
                          >
                            Remove?
                          </th>
                        </tr>
                      </thead>
                      <tbody />
                      <tfoot>
                        <tr>
                          <td
                            style={
                              Object {
                                "border": "none",
                              }
                            }
                          />
                          <td
                            className="makeStyles-totalText-9"
                            style={
                              Object {
                                "padding": "1.5rem",
                              }
                            }
                          >
                            Total
                          </td>
                          <td
                            className="makeStyles-totalAmount-10"
                            style={
                              Object {
                                "padding": "1.5rem",
                              }
                            }
                          >
                            $0.00
                          </td>
                        </tr>
                      </tfoot>
                    </table>
                    <WithStyles(ForwardRef(Button))
                      className="makeStyles-checkoutButton-11"
                      size="large"
                      type="submit"
                      variant="contained"
                    >
                      <ForwardRef(Button)
                        className="makeStyles-checkoutButton-11"
                        classes={
                          Object {
                            "colorInherit": "MuiButton-colorInherit",
                            "contained": "MuiButton-contained",
                            "containedPrimary": "MuiButton-containedPrimary",
                            "containedSecondary": "MuiButton-containedSecondary",
                            "containedSizeLarge": "MuiButton-containedSizeLarge",
                            "containedSizeSmall": "MuiButton-containedSizeSmall",
                            "disableElevation": "MuiButton-disableElevation",
                            "disabled": "Mui-disabled",
                            "endIcon": "MuiButton-endIcon",
                            "focusVisible": "Mui-focusVisible",
                            "fullWidth": "MuiButton-fullWidth",
                            "iconSizeLarge": "MuiButton-iconSizeLarge",
                            "iconSizeMedium": "MuiButton-iconSizeMedium",
                            "iconSizeSmall": "MuiButton-iconSizeSmall",
                            "label": "MuiButton-label",
                            "outlined": "MuiButton-outlined",
                            "outlinedPrimary": "MuiButton-outlinedPrimary",
                            "outlinedSecondary": "MuiButton-outlinedSecondary",
                            "outlinedSizeLarge": "MuiButton-outlinedSizeLarge",
                            "outlinedSizeSmall": "MuiButton-outlinedSizeSmall",
                            "root": "MuiButton-root",
                            "sizeLarge": "MuiButton-sizeLarge",
                            "sizeSmall": "MuiButton-sizeSmall",
                            "startIcon": "MuiButton-startIcon",
                            "text": "MuiButton-text",
                            "textPrimary": "MuiButton-textPrimary",
                            "textSecondary": "MuiButton-textSecondary",
                            "textSizeLarge": "MuiButton-textSizeLarge",
                            "textSizeSmall": "MuiButton-textSizeSmall",
                          }
                        }
                        size="large"
                        type="submit"
                        variant="contained"
                      >
                        <WithStyles(ForwardRef(ButtonBase))
                          className="MuiButton-root MuiButton-contained makeStyles-checkoutButton-11 MuiButton-containedSizeLarge MuiButton-sizeLarge"
                          component="button"
                          disabled={false}
                          focusRipple={true}
                          focusVisibleClassName="Mui-focusVisible"
                          type="submit"
                        >
                          <ForwardRef(ButtonBase)
                            className="MuiButton-root MuiButton-contained makeStyles-checkoutButton-11 MuiButton-containedSizeLarge MuiButton-sizeLarge"
                            classes={
                              Object {
                                "disabled": "Mui-disabled",
                                "focusVisible": "Mui-focusVisible",
                                "root": "MuiButtonBase-root",
                              }
                            }
                            component="button"
                            disabled={false}
                            focusRipple={true}
                            focusVisibleClassName="Mui-focusVisible"
                            type="submit"
                          >
                            <button
                              className="MuiButtonBase-root MuiButton-root MuiButton-contained makeStyles-checkoutButton-11 MuiButton-containedSizeLarge MuiButton-sizeLarge"
                              disabled={false}
                              onBlur={[Function]}
                              onDragLeave={[Function]}
                              onFocus={[Function]}
                              onKeyDown={[Function]}
                              onKeyUp={[Function]}
                              onMouseDown={[Function]}
                              onMouseLeave={[Function]}
                              onMouseUp={[Function]}
                              onTouchEnd={[Function]}
                              onTouchMove={[Function]}
                              onTouchStart={[Function]}
                              tabIndex={0}
                              type="submit"
                            >
                              <span
                                className="MuiButton-label"
                              >
                                Update Cart
                              </span>
                              <WithStyles(memo)
                                center={false}
                              >
                                <ForwardRef(TouchRipple)
                                  center={false}
                                  classes={
                                    Object {
                                      "child": "MuiTouchRipple-child",
                                      "childLeaving": "MuiTouchRipple-childLeaving",
                                      "childPulsate": "MuiTouchRipple-childPulsate",
                                      "ripple": "MuiTouchRipple-ripple",
                                      "ripplePulsate": "MuiTouchRipple-ripplePulsate",
                                      "rippleVisible": "MuiTouchRipple-rippleVisible",
                                      "root": "MuiTouchRipple-root",
                                    }
                                  }
                                >
                                  <span
                                    className="MuiTouchRipple-root"
                                  >
                                    <TransitionGroup
                                      childFactory={[Function]}
                                      component={null}
                                      exit={true}
                                    />
                                  </span>
                                </ForwardRef(TouchRipple)>
                              </WithStyles(memo)>
                            </button>
                          </ForwardRef(ButtonBase)>
                        </WithStyles(ForwardRef(ButtonBase))>
                      </ForwardRef(Button)>
                    </WithStyles(ForwardRef(Button))>
                    <WithStyles(ForwardRef(Button))
                      className="makeStyles-checkoutButton-11"
                      size="large"
                      type="button"
                      variant="contained"
                    >
                      <ForwardRef(Button)
                        className="makeStyles-checkoutButton-11"
                        classes={
                          Object {
                            "colorInherit": "MuiButton-colorInherit",
                            "contained": "MuiButton-contained",
                            "containedPrimary": "MuiButton-containedPrimary",
                            "containedSecondary": "MuiButton-containedSecondary",
                            "containedSizeLarge": "MuiButton-containedSizeLarge",
                            "containedSizeSmall": "MuiButton-containedSizeSmall",
                            "disableElevation": "MuiButton-disableElevation",
                            "disabled": "Mui-disabled",
                            "endIcon": "MuiButton-endIcon",
                            "focusVisible": "Mui-focusVisible",
                            "fullWidth": "MuiButton-fullWidth",
                            "iconSizeLarge": "MuiButton-iconSizeLarge",
                            "iconSizeMedium": "MuiButton-iconSizeMedium",
                            "iconSizeSmall": "MuiButton-iconSizeSmall",
                            "label": "MuiButton-label",
                            "outlined": "MuiButton-outlined",
                            "outlinedPrimary": "MuiButton-outlinedPrimary",
                            "outlinedSecondary": "MuiButton-outlinedSecondary",
                            "outlinedSizeLarge": "MuiButton-outlinedSizeLarge",
                            "outlinedSizeSmall": "MuiButton-outlinedSizeSmall",
                            "root": "MuiButton-root",
                            "sizeLarge": "MuiButton-sizeLarge",
                            "sizeSmall": "MuiButton-sizeSmall",
                            "startIcon": "MuiButton-startIcon",
                            "text": "MuiButton-text",
                            "textPrimary": "MuiButton-textPrimary",
                            "textSecondary": "MuiButton-textSecondary",
                            "textSizeLarge": "MuiButton-textSizeLarge",
                            "textSizeSmall": "MuiButton-textSizeSmall",
                          }
                        }
                        size="large"
                        type="button"
                        variant="contained"
                      >
                        <WithStyles(ForwardRef(ButtonBase))
                          className="MuiButton-root MuiButton-contained makeStyles-checkoutButton-11 MuiButton-containedSizeLarge MuiButton-sizeLarge"
                          component="button"
                          disabled={false}
                          focusRipple={true}
                          focusVisibleClassName="Mui-focusVisible"
                          type="button"
                        >
                          <ForwardRef(ButtonBase)
                            className="MuiButton-root MuiButton-contained makeStyles-checkoutButton-11 MuiButton-containedSizeLarge MuiButton-sizeLarge"
                            classes={
                              Object {
                                "disabled": "Mui-disabled",
                                "focusVisible": "Mui-focusVisible",
                                "root": "MuiButtonBase-root",
                              }
                            }
                            component="button"
                            disabled={false}
                            focusRipple={true}
                            focusVisibleClassName="Mui-focusVisible"
                            type="button"
                          >
                            <button
                              className="MuiButtonBase-root MuiButton-root MuiButton-contained makeStyles-checkoutButton-11 MuiButton-containedSizeLarge MuiButton-sizeLarge"
                              disabled={false}
                              onBlur={[Function]}
                              onDragLeave={[Function]}
                              onFocus={[Function]}
                              onKeyDown={[Function]}
                              onKeyUp={[Function]}
                              onMouseDown={[Function]}
                              onMouseLeave={[Function]}
                              onMouseUp={[Function]}
                              onTouchEnd={[Function]}
                              onTouchMove={[Function]}
                              onTouchStart={[Function]}
                              tabIndex={0}
                              type="button"
                            >
                              <span
                                className="MuiButton-label"
                              >
                                <Link
                                  style={
                                    Object {
                                      "color": "#ffffff",
                                    }
                                  }
                                  to="/checkout"
                                >
                                  <LinkAnchor
                                    href="/checkout"
                                    navigate={[Function]}
                                    style={
                                      Object {
                                        "color": "#ffffff",
                                      }
                                    }
                                  >
                                    <a
                                      href="/checkout"
                                      onClick={[Function]}
                                      style={
                                        Object {
                                          "color": "#ffffff",
                                        }
                                      }
                                    >
                                      Checkout
                                    </a>
                                  </LinkAnchor>
                                </Link>
                              </span>
                              <WithStyles(memo)
                                center={false}
                              >
                                <ForwardRef(TouchRipple)
                                  center={false}
                                  classes={
                                    Object {
                                      "child": "MuiTouchRipple-child",
                                      "childLeaving": "MuiTouchRipple-childLeaving",
                                      "childPulsate": "MuiTouchRipple-childPulsate",
                                      "ripple": "MuiTouchRipple-ripple",
                                      "ripplePulsate": "MuiTouchRipple-ripplePulsate",
                                      "rippleVisible": "MuiTouchRipple-rippleVisible",
                                      "root": "MuiTouchRipple-root",
                                    }
                                  }
                                >
                                  <span
                                    className="MuiTouchRipple-root"
                                  >
                                    <TransitionGroup
                                      childFactory={[Function]}
                                      component={null}
                                      exit={true}
                                    />
                                  </span>
                                </ForwardRef(TouchRipple)>
                              </WithStyles(memo)>
                            </button>
                          </ForwardRef(ButtonBase)>
                        </WithStyles(ForwardRef(ButtonBase))>
                      </ForwardRef(Button)>
                    </WithStyles(ForwardRef(Button))>
                  </form>
                </div>
              </ForwardRef(Grid)>
            </WithStyles(ForwardRef(Grid))>
          </div>
        </ForwardRef(Container)>
      </WithStyles(ForwardRef(Container))>
    </Cart>
  </Router>
</BrowserRouter>
`;
